
> buildogram-app@0.1.0 build
> node scripts/verify-env.js && next build

≡ƒöì Running V2 Production Environment Verification...
npm : 
At line:1 char:1
+ npm run build > build_output.log 2>&1
+ ~~~~~~~~~~~~~~~~~~~~~~~~~~~~~~~~~~~~~
    + CategoryInfo          : NotSpecified: (:String) [], RemoteException
    + FullyQualifiedErrorId : NativeCommandError
 
ΓÜá∩╕Å WARNING: Missing Environment Variables:
   - NEXT_PUBLIC_CLOUDINARY_CLOUD_NAME
   - WHATSAPP_PHONE_NUMBER_ID
   - WHATSAPP_TOKEN
   - RAZORPAY_KEY_ID
   - RAZORPAY_KEY_SECRET

Some features (AI, WhatsApp, Payments) will operate in fallback/safe mode.

Γû▓ Next.js 16.2.6 (Turbopack)
- Environments: .env.local

ΓÜá The "middleware" file convention is deprecated. Please use "proxy" instead. Learn more: 
https://nextjs.org/docs/messages/middleware-to-proxy
  Creating an optimized production build ...
Γ£ô Compiled successfully in 10.5s
  Running TypeScript ...
  Finished TypeScript in 352ms ...
  Collecting page data using 7 workers ...
  Generating static pages using 7 workers (0/261) ...
  Generating static pages using 7 workers (65/261) 
  Generating static pages using 7 workers (130/261) 
  Generating static pages using 7 workers (195/261) 
Γ£ô Generating static pages using 7 workers (261/261) in 5.7s
  Finalizing page optimization ...

Route (app)                                          Revalidate  Expire
Γöî Γùï /
Γö£ Γùï /_not-found
Γö£ Γùï /about
Γö£ ╞Æ /api/ai/boq-draft
Γö£ ╞Æ /api/ai/cost-estimator
Γö£ ╞Æ /api/ai/delay-prediction
Γö£ ╞Æ /api/ai/maintenance-advice
Γö£ ╞Æ /api/ai/material-advice
Γö£ ╞Æ /api/ai/partner-profile
Γö£ ╞Æ /api/ai/plan-review-draft
Γö£ ╞Æ /api/ai/project-summary
Γö£ ╞Æ /api/ai/property-readiness
Γö£ ╞Æ /api/auth/login
Γö£ ╞Æ /api/auth/logout
Γö£ ╞Æ /api/auth/me
Γö£ ╞Æ /api/auth/register
Γö£ ╞Æ /api/blog
Γö£ ╞Æ /api/boq
Γö£ ╞Æ /api/boq-report/[id]
Γö£ ╞Æ /api/change-orders
Γö£ ╞Æ /api/change-orders/[id]
Γö£ ╞Æ /api/client/dashboard
Γö£ ╞Æ /api/client/invoices
Γö£ ╞Æ /api/client/invoices/[id]
Γö£ ╞Æ /api/client/maintenance
Γö£ ╞Æ /api/client/notifications
Γö£ ╞Æ /api/client/passport
Γö£ ╞Æ /api/client/payments
Γö£ ╞Æ /api/client/profile
Γö£ ╞Æ /api/client/requests
Γö£ ╞Æ /api/client/requests/[id]
Γö£ ╞Æ /api/cost-config
Γö£ ╞Æ /api/cost-estimate
Γö£ ╞Æ /api/documents
Γö£ ╞Æ /api/documents/[id]/consent
Γö£ ╞Æ /api/health
Γö£ ╞Æ /api/issues
Γö£ ╞Æ /api/leads
Γö£ ╞Æ /api/leads/[id]
Γö£ ╞Æ /api/leads/[id]/activities
Γö£ ╞Æ /api/milestones
Γö£ ╞Æ /api/milestones/[id]
Γö£ ╞Æ /api/notifications
Γö£ ╞Æ /api/ops/accounting/export
Γö£ ╞Æ /api/ops/accounting/ledger
Γö£ ╞Æ /api/ops/dashboard
Γö£ ╞Æ /api/ops/invoices
Γö£ ╞Æ /api/ops/invoices/[id]
Γö£ ╞Æ /api/ops/notification-queue
Γö£ ╞Æ /api/ops/notification-queue/[id]/approve
Γö£ ╞Æ /api/ops/notification-queue/[id]/cancel
Γö£ ╞Æ /api/ops/notification-queue/[id]/send
Γö£ ╞Æ /api/ops/notification-queue/draft
Γö£ ╞Æ /api/ops/notification-rules
Γö£ ╞Æ /api/ops/notification-rules/[id]
Γö£ ╞Æ /api/ops/notification-rules/dry-run
Γö£ ╞Æ /api/ops/notification-settings
Γö£ ╞Æ /api/ops/payments
Γö£ ╞Æ /api/ops/reports/boq.csv
Γö£ ╞Æ /api/ops/reports/followups.csv
Γö£ ╞Æ /api/ops/reports/leads.csv
Γö£ ╞Æ /api/ops/reports/maintenance.csv
Γö£ ╞Æ /api/ops/reports/materials.csv
Γö£ ╞Æ /api/ops/reports/notifications.csv
Γö£ ╞Æ /api/ops/reports/passports.csv
Γö£ ╞Æ /api/ops/reports/revenue.csv
Γö£ ╞Æ /api/ops/revenue
Γö£ ╞Æ /api/ops/revenue/[id]
Γö£ ╞Æ /api/ops/users
Γö£ ╞Æ /api/ops/whatsapp/send
Γö£ ╞Æ /api/ops/whatsapp/templates
Γö£ ╞Æ /api/ops/whatsapp/templates/[id]
Γö£ ╞Æ /api/partner/assigned-leads
Γö£ ╞Æ /api/partner/assigned-leads/[id]
Γö£ ╞Æ /api/partner/profile
Γö£ ╞Æ /api/partner/referrals
Γö£ ╞Æ /api/payments/create-order
Γö£ ╞Æ /api/payments/verify
Γö£ ╞Æ /api/payments/webhook/razorpay
Γö£ ╞Æ /api/progress-logs
Γö£ ╞Æ /api/projects
Γö£ ╞Æ /api/projects/[id]
Γö£ ╞Æ /api/properties
Γö£ ╞Æ /api/properties/[id]
Γö£ ╞Æ /api/properties/[id]/documents
Γö£ ╞Æ /api/properties/[id]/documents/[docId]
Γö£ ╞Æ /api/properties/clients
Γö£ ╞Æ /api/public/partners
Γö£ ╞Æ /api/public/properties
Γö£ ╞Æ /api/test
Γö£ ╞Æ /api/test/migrate
Γö£ ╞Æ /api/test/schema
Γö£ ╞Æ /api/upload
Γö£ ╞Æ /api/users
Γö£ Γùï /blog                                                    1m      1y
Γö£ Γùï /boq-audit
Γö£ ╞Æ /boq-report/[id]/print
Γö£ Γùï /build
Γö£ Γùï /build/home-construction
Γö£ Γùï /build/renovation
Γö£ Γùï /build/villa-construction
Γö£ Γùï /client/dashboard
Γö£ Γùï /client/invoices
Γö£ ╞Æ /client/invoices/[id]
Γö£ ╞Æ /client/invoices/[id]/print
Γö£ Γùï /client/maintenance
Γö£ Γùï /client/notifications
Γö£ Γùï /client/passport
Γö£ Γùï /client/profile
Γö£ Γùï /client/project
Γö£ Γùï /client/requests
Γö£ ╞Æ /client/requests/[id]
Γö£ Γùï /compare
Γö£ ΓùÅ /compare/[slug]
Γöé Γö£ /compare/buildogram-vs-contractor
Γöé Γö£ /compare/pmc-vs-turnkey-construction
Γöé Γö£ /compare/boq-review-vs-contractor-estimate
Γöé Γöö [+2 more paths]
Γö£ Γùï /construction-in-chennai
Γö£ Γùï /contact
Γö£ Γùï /cost-estimator
Γö£ Γùï /faqs
Γö£ ΓùÅ /faqs/[category]
Γöé Γö£ /faqs/construction
Γöé Γö£ /faqs/boq
Γöé Γö£ /faqs/plan-review
Γöé Γöö [+7 more paths]
Γö£ Γùï /glossary
Γö£ ΓùÅ /glossary/[term]
Γöé Γö£ /glossary/boq
Γöé Γö£ /glossary/pmc
Γöé Γö£ /glossary/rcc
Γöé Γöö [+23 more paths]
Γö£ Γùï /guides
Γö£ ΓùÅ /guides/[slug]
Γöé Γö£ /guides/what-is-boq-in-construction
Γöé Γö£ /guides/how-to-compare-contractor-quotes
Γöé Γö£ /guides/why-low-construction-quote-can-be-risky
Γöé Γöö [+19 more paths]
Γö£ Γùï /how-it-works
Γö£ Γùï /locations/chennai
Γö£ ΓùÅ /locations/chennai/[locality]
Γöé Γö£ /locations/chennai/tambaram
Γöé Γö£ /locations/chennai/porur
Γöé Γö£ /locations/chennai/medavakkam
Γöé Γöö [+23 more paths]
Γö£ Γùï /login
Γö£ Γùï /maintenance
Γö£ Γùï /maintenance/request
Γö£ Γùï /materials
Γö£ ΓùÅ /materials/[slug]
Γöé Γö£ /materials/cement
Γöé Γö£ /materials/steel
Γöé Γö£ /materials/sand
Γöé Γöö [+13 more paths]
Γö£ Γùï /ops/accounting
Γö£ Γùï /ops/blog
Γö£ Γùï /ops/cost-config
Γö£ Γùï /ops/dashboard
Γö£ Γùï /ops/help
Γö£ Γùï /ops/invoices
Γö£ ╞Æ /ops/invoices/[id]/print
Γö£ Γùï /ops/launch-checklist
Γö£ Γùï /ops/leads
Γö£ Γùï /ops/notification-queue
Γö£ Γùï /ops/notification-rules
Γö£ Γùï /ops/notification-settings
Γö£ Γùï /ops/partners
Γö£ Γùï /ops/payments
Γö£ Γùï /ops/pipeline
Γö£ Γùï /ops/projects
Γö£ ╞Æ /ops/projects/[id]
Γö£ Γùï /ops/properties
Γö£ Γùï /ops/reports
Γö£ Γùï /ops/revenue
Γö£ Γùï /ops/system-status
Γö£ Γùï /ops/users
Γö£ Γùï /ops/whatsapp-templates
Γö£ Γùï /partner/dashboard
Γö£ Γùï /partners
Γö£ ╞Æ /partners/[id]
Γö£ Γùï /partners/directory
Γö£ ╞Æ /passport/[id]
Γö£ Γùï /plan-review
Γö£ ╞Æ /plan-review-report/[id]/print
Γö£ Γùï /privacy-policy
Γö£ Γùï /projects
Γö£ Γùï /properties
Γö£ Γùï /properties/buy
Γö£ Γùï /properties/list-your-property
Γö£ ╞Æ /properties/listing/[id]
Γö£ Γùï /properties/rent
Γö£ Γùï /property-passport
Γö£ Γùï /rentals                                                 1m      1y
Γö£ Γùï /robots.txt
Γö£ Γùï /services
Γö£ ΓùÅ /services/[slug]
Γöé Γö£ /services/house-construction
Γöé Γö£ /services/villa-construction
Γöé Γö£ /services/residential-construction
Γöé Γöö [+12 more paths]
Γö£ Γùï /sitemap.xml
Γö£ Γùï /specifications
Γö£ Γùï /terms
Γö£ Γùï /warranty-and-maintenance
Γö£ Γùï /why-vs-aggregators
Γöö Γùï /why-vs-mason


╞Æ Proxy (Middleware)

Γùï  (Static)   prerendered as static content
ΓùÅ  (SSG)      prerendered as static HTML (uses generateStaticParams)
╞Æ  (Dynamic)  server-rendered on demand

