Γû▓ Next.js 16.2.6 (Turbopack)
- Environments: .env.local

npx : ΓÜá The "middleware" file convention is deprecated. Please use "proxy" instead. Learn more: 
https://nextjs.org/docs/messages/middleware-to-proxy
At line:1 char:1
+ npx next build > build_output.txt 2>&1; $code = $LASTEXITCODE; Get-Co ...
+ ~~~~~~~~~~~~~~~~~~~~~~~~~~~~~~~~~~~~~~
    + CategoryInfo          : NotSpecified: (ΓÜá The "middle...leware-to-proxy:String) [], RemoteException
    + FullyQualifiedErrorId : NativeCommandError
 
  Creating an optimized production build ...
Γ£ô Compiled successfully in 5.4s
  Running TypeScript ...
  Finished TypeScript in 429ms ...
  Collecting page data using 7 workers ...
  Generating static pages using 7 workers (0/58) ...
  Generating static pages using 7 workers (14/58) 
  Generating static pages using 7 workers (28/58) 
  Generating static pages using 7 workers (43/58) 
Γ£ô Generating static pages using 7 workers (58/58) in 1983ms
  Finalizing page optimization ...

Route (app)                    Revalidate  Expire
Γöî Γùï /
Γö£ Γùï /_not-found
Γö£ Γùï /about
Γö£ ╞Æ /api/auth/login
Γö£ ╞Æ /api/auth/logout
Γö£ ╞Æ /api/auth/me
Γö£ ╞Æ /api/auth/register
Γö£ ╞Æ /api/blog
Γö£ ╞Æ /api/boq
Γö£ ╞Æ /api/client/passport
Γö£ ╞Æ /api/cost-config
Γö£ ╞Æ /api/cost-estimate
Γö£ ╞Æ /api/issues
Γö£ ╞Æ /api/leads
Γö£ ╞Æ /api/leads/[id]
Γö£ ╞Æ /api/milestones
Γö£ ╞Æ /api/milestones/[id]
Γö£ ╞Æ /api/notifications
Γö£ ╞Æ /api/progress-logs
Γö£ ╞Æ /api/projects
Γö£ ╞Æ /api/projects/[id]
Γö£ ╞Æ /api/properties
Γö£ ╞Æ /api/properties/[id]
Γö£ ╞Æ /api/test
Γö£ ╞Æ /api/upload
Γö£ ╞Æ /api/users
Γö£ Γùï /blog                              1m      1y
Γö£ Γùï /boq-audit
Γö£ Γùï /build
Γö£ Γùï /build/home-construction
Γö£ Γùï /build/renovation
Γö£ Γùï /build/villa-construction
Γö£ Γùï /client/dashboard
Γö£ Γùï /client/passport
Γö£ Γùï /client/project
Γö£ Γùï /construction-in-chennai
Γö£ Γùï /contact
Γö£ Γùï /cost-estimator
Γö£ Γùï /how-it-works
Γö£ Γùï /login
Γö£ Γùï /maintenance
Γö£ Γùï /materials
Γö£ Γùï /ops/blog
Γö£ Γùï /ops/cost-config
Γö£ Γùï /ops/dashboard
Γö£ Γùï /ops/leads
Γö£ Γùï /ops/partners
Γö£ Γùï /ops/projects
Γö£ ╞Æ /ops/projects/[id]
Γö£ Γùï /ops/properties
Γö£ Γùï /ops/users
Γö£ Γùï /partner/dashboard
Γö£ Γùï /partners
Γö£ ╞Æ /passport/[id]
Γö£ Γùï /plan-review
Γö£ Γùï /projects
Γö£ Γùï /property-passport
Γö£ Γùï /rentals                           1m      1y
Γö£ Γùï /specifications
Γö£ Γùï /warranty-and-maintenance
Γö£ Γùï /why-vs-aggregators
Γöö Γùï /why-vs-mason


╞Æ Proxy (Middleware)

Γùï  (Static)   prerendered as static content
╞Æ  (Dynamic)  server-rendered on demand

