npx : ΓÜá `eslint` configuration in next.config.mjs is no longer supported. See more info here: 
https://nextjs.org/docs/app/api-reference/cli/next#next-lint-options
At line:2 char:1
+ npx next build 2>&1 | Tee-Object -FilePath ".\build-output.txt" | Sel ...
+ ~~~~~~~~~~~~~~~~~~~
    + CategoryInfo          : NotSpecified: (ΓÜá `eslint` co...xt-lint-options:String) [], RemoteException
    + FullyQualifiedErrorId : NativeCommandError
 
ΓÜá Invalid next.config.mjs options detected: 
ΓÜá     Unrecognized key(s) in object: 'eslint'
ΓÜá See more info here: https://nextjs.org/docs/messages/invalid-next-config
Γû▓ Next.js 16.2.6 (Turbopack)
- Environments: .env.production.local, .env.local, .env

ΓÜá The "middleware" file convention is deprecated. Please use "proxy" instead. Learn more: 
https://nextjs.org/docs/messages/middleware-to-proxy
  Creating an optimized production build ...
Γ£ô Compiled successfully in 35.4s
  Running TypeScript ...
  Finished TypeScript in 303ms ...
  Collecting page data using 7 workers ...
  Generating static pages using 7 workers (0/1076) ...
  Generating static pages using 7 workers (269/1076) 
  Generating static pages using 7 workers (538/1076) 
ΓÜá∩╕Å safeDbCall: DATABASE_URL is missing or empty. Skipping DB query and returning fallback.
  Generating static pages using 7 workers (807/1076) 
ΓÜá∩╕Å safeDbCall: DATABASE_URL is missing or empty. Skipping DB query and returning fallback.
ΓÜá∩╕Å safeDbCall: DATABASE_URL is missing or empty. Skipping DB query and returning fallback.
ΓÜá∩╕Å safeDbCall: DATABASE_URL is missing or empty. Skipping DB query and returning fallback.
Γ£ô Generating static pages using 7 workers (1076/1076) in 87s
  Finalizing page optimization ...

Route (app)                                           Revalidate  Expire
Γöî Γùï /
Γö£ Γùï /_not-found
Γö£ ΓùÅ /[serviceSlug]
Γöé Γö£ /home-construction-chennai
Γöé Γö£ /house-construction-chennai
Γöé Γö£ /residential-construction-chennai
Γöé Γöö [+41 more paths]
Γö£ Γùï /about
Γö£ Γùï /admin/dashboard
Γö£ Γùï /admin/leads
Γö£ Γùï /admin/material-requests
Γö£ Γùï /admin/partners
Γö£ Γùï /admin/projects
Γö£ Γùï /admin/quotations
Γö£ Γùï /admin/suppliers
Γö£ Γùï /ai-boq-checker
Γö£ Γùï /ai-construction-cost-estimator
Γö£ Γùï /ai-contractor-quote-analyzer
Γö£ Γùï /ai-floor-plan-creator
Γö£ Γùï /ai-floor-plan-creator/studio
Γö£ Γùï /ai-material-estimator
Γö£ Γùï /ai-pile-foundation-boq-checker
Γö£ Γùï /ai-property-passport-assistant
Γö£ Γùï /ai-soil-test-requirement-builder
Γö£ Γùï /ai-structural-audit-intake
Γö£ Γùï /ai-survey-requirement-builder
Γö£ Γùï /ai-tools
Γö£ Γùï /ai/boq-draft
Γö£ Γùï /ai/plan-review
Γö£ Γùï /ai/site-assistant
Γö£ ╞Æ /api/ai-floor-plans/credits
Γö£ ╞Æ /api/ai-floor-plans/edit
Γö£ ╞Æ /api/ai-floor-plans/generate
Γö£ ╞Æ /api/ai-floor-plans/projects
Γö£ ╞Æ /api/ai-floor-plans/projects/[id]
Γö£ ╞Æ /api/ai-floor-plans/projects/[id]/request-review
Γö£ ╞Æ /api/ai-floor-plans/projects/[id]/versions
Γö£ ╞Æ /api/ai/boq-draft
Γö£ ╞Æ /api/ai/cost-estimator
Γö£ ╞Æ /api/ai/delay-prediction
Γö£ ╞Æ /api/ai/maintenance-advice
Γö£ ╞Æ /api/ai/material-advice
Γö£ ╞Æ /api/ai/partner-profile
Γö£ ╞Æ /api/ai/plan-review-draft
Γö£ ╞Æ /api/ai/project-summary
Γö£ ╞Æ /api/ai/property-readiness
Γö£ ╞Æ /api/auth/change-password
Γö£ ╞Æ /api/auth/forgot-password
Γö£ ╞Æ /api/auth/login
Γö£ ╞Æ /api/auth/logout
Γö£ ╞Æ /api/auth/me
Γö£ ╞Æ /api/auth/register
Γö£ ╞Æ /api/auth/reset-password
Γö£ ╞Æ /api/blog
Γö£ ╞Æ /api/boq
Γö£ ╞Æ /api/boq-calculator/demo
Γö£ ╞Æ /api/boq-calculator/projects
Γö£ ╞Æ /api/boq-calculator/projects/[id]
Γö£ ╞Æ /api/boq-calculator/projects/[id]/calculate
Γö£ ╞Æ /api/boq-calculator/projects/[id]/export
Γö£ ╞Æ /api/boq-calculator/projects/[id]/rates
Γö£ ╞Æ /api/boq-calculator/projects/[id]/sections
Γö£ ╞Æ /api/boq-report/[id]
Γö£ ╞Æ /api/boq-reviews
Γö£ ╞Æ /api/boq-reviews/[id]/download-summary
Γö£ ╞Æ /api/case-studies
Γö£ ╞Æ /api/case-studies/[id]
Γö£ ╞Æ /api/change-orders
Γö£ ╞Æ /api/change-orders/[id]
Γö£ ╞Æ /api/client/dashboard
Γö£ ╞Æ /api/client/invoices
Γö£ ╞Æ /api/client/invoices/[id]
Γö£ ╞Æ /api/client/maintenance
Γö£ ╞Æ /api/client/notifications
Γö£ ╞Æ /api/client/passport
Γö£ ╞Æ /api/client/payments
Γö£ ╞Æ /api/client/profile
Γö£ ╞Æ /api/client/requests
Γö£ ╞Æ /api/client/requests/[id]
Γö£ ╞Æ /api/cost-config
Γö£ ╞Æ /api/cost-estimate
Γö£ ╞Æ /api/documents
Γö£ ╞Æ /api/documents/[id]/consent
Γö£ ╞Æ /api/documents/upload
Γö£ ╞Æ /api/health
Γö£ ╞Æ /api/health/db
Γö£ ╞Æ /api/issues
Γö£ ╞Æ /api/issues/[id]
Γö£ ╞Æ /api/leads
Γö£ ╞Æ /api/leads/[id]
Γö£ ╞Æ /api/leads/[id]/activities
Γö£ ╞Æ /api/leads/ai-tool
Γö£ ╞Æ /api/material-quotes
Γö£ ╞Æ /api/material-quotes/[id]/download-summary
Γö£ ╞Æ /api/milestones
Γö£ ╞Æ /api/milestones/[id]
Γö£ ╞Æ /api/notifications
Γö£ ╞Æ /api/ops/accounting/export
Γö£ ╞Æ /api/ops/accounting/ledger
Γö£ ╞Æ /api/ops/ai-tool-submissions
Γö£ ╞Æ /api/ops/ai-tool-submissions/[id]
Γö£ ╞Æ /api/ops/analytics
Γö£ ╞Æ /api/ops/attribution
Γö£ ╞Æ /api/ops/bqs/inspections
Γö£ ╞Æ /api/ops/bqs/inspections/[id]
Γö£ ╞Æ /api/ops/bqs/inspections/[id]/results
Γö£ ╞Æ /api/ops/bqs/inspections/[id]/rework
Γö£ ╞Æ /api/ops/bqs/templates
Γö£ ╞Æ /api/ops/content-calendar
Γö£ ╞Æ /api/ops/content-calendar/[id]
Γö£ ╞Æ /api/ops/dashboard
Γö£ ╞Æ /api/ops/exports/[resource]
Γö£ ╞Æ /api/ops/invoices
Γö£ ╞Æ /api/ops/invoices/[id]
Γö£ ╞Æ /api/ops/material-leads
Γö£ ╞Æ /api/ops/material-leads/[id]/convert
Γö£ ╞Æ /api/ops/materials/quotes
Γö£ ╞Æ /api/ops/materials/quotes/[id]
Γö£ ╞Æ /api/ops/materials/quotes/[id]/assign
Γö£ ╞Æ /api/ops/notification-queue
Γö£ ╞Æ /api/ops/notification-queue/[id]/approve
Γö£ ╞Æ /api/ops/notification-queue/[id]/cancel
Γö£ ╞Æ /api/ops/notification-queue/[id]/send
Γö£ ╞Æ /api/ops/notification-queue/draft
Γö£ ╞Æ /api/ops/notification-rules
Γö£ ╞Æ /api/ops/notification-rules/[id]
Γö£ ╞Æ /api/ops/notification-rules/dry-run
Γö£ ╞Æ /api/ops/notification-settings
Γö£ ╞Æ /api/ops/notifications
Γö£ ╞Æ /api/ops/partner-applications
Γö£ ╞Æ /api/ops/partner-applications/[id]
Γö£ ╞Æ /api/ops/partner-applications/[id]/convert
Γö£ ╞Æ /api/ops/partner-assignments
Γö£ ╞Æ /api/ops/partner-assignments/[id]
Γö£ ╞Æ /api/ops/partners
Γö£ ╞Æ /api/ops/partners/[id]
Γö£ ╞Æ /api/ops/partners/[id]/status
Γö£ ╞Æ /api/ops/payments
Γö£ ╞Æ /api/ops/piling-leads
Γö£ ╞Æ /api/ops/pilot-launch-status
Γö£ ╞Æ /api/ops/projects
Γö£ ╞Æ /api/ops/projects/convert
Γö£ ╞Æ /api/ops/proof-assets
Γö£ ╞Æ /api/ops/proof-assets/[id]
Γö£ ╞Æ /api/ops/property-passports
Γö£ ╞Æ /api/ops/property-passports/[id]
Γö£ ╞Æ /api/ops/property-passports/[id]/checklists
Γö£ ╞Æ /api/ops/property-passports/[id]/records
Γö£ ╞Æ /api/ops/reels
Γö£ ╞Æ /api/ops/reels/[id]
Γö£ ╞Æ /api/ops/reports/boq.csv
Γö£ ╞Æ /api/ops/reports/followups.csv
Γö£ ╞Æ /api/ops/reports/leads.csv
Γö£ ╞Æ /api/ops/reports/maintenance.csv
Γö£ ╞Æ /api/ops/reports/materials.csv
Γö£ ╞Æ /api/ops/reports/notifications.csv
Γö£ ╞Æ /api/ops/reports/passports.csv
Γö£ ╞Æ /api/ops/reports/revenue.csv
Γö£ ╞Æ /api/ops/revenue
Γö£ ╞Æ /api/ops/revenue-metrics
Γö£ ╞Æ /api/ops/revenue/[id]
Γö£ ╞Æ /api/ops/run-migration
Γö£ ╞Æ /api/ops/seed-partners
Γö£ ╞Æ /api/ops/seed-pilot
Γö£ ╞Æ /api/ops/structural-audit-leads
Γö£ ╞Æ /api/ops/survey-leads
Γö£ ╞Æ /api/ops/users
Γö£ ╞Æ /api/ops/users/[id]
Γö£ ╞Æ /api/ops/users/[id]/reset-password
Γö£ ╞Æ /api/ops/whatsapp/send
Γö£ ╞Æ /api/ops/whatsapp/templates
Γö£ ╞Æ /api/ops/whatsapp/templates/[id]
Γö£ ╞Æ /api/partner-enquiries
Γö£ ╞Æ /api/partner-matches
Γö£ ╞Æ /api/partner/applications
Γö£ ╞Æ /api/partner/assigned-leads
Γö£ ╞Æ /api/partner/assigned-leads/[id]
Γö£ ╞Æ /api/partner/assignments
Γö£ ╞Æ /api/partner/boqs
Γö£ ╞Æ /api/partner/boqs/[id]
Γö£ ╞Æ /api/partner/documents
Γö£ ╞Æ /api/partner/documents/[id]
Γö£ ╞Æ /api/partner/enquiries
Γö£ ╞Æ /api/partner/enquiries/[id]
Γö£ ╞Æ /api/partner/leads
Γö£ ╞Æ /api/partner/leads/[id]/convert-to-project
Γö£ ╞Æ /api/partner/material-quotes
Γö£ ╞Æ /api/partner/material-requests
Γö£ ╞Æ /api/partner/material-requests/[id]
Γö£ ╞Æ /api/partner/notifications
Γö£ ╞Æ /api/partner/profile
Γö£ ╞Æ /api/partner/projects
Γö£ ╞Æ /api/partner/projects/[id]
Γö£ ╞Æ /api/partner/referrals
Γö£ ╞Æ /api/partner/site-logs
Γö£ ╞Æ /api/partner/site-logs/[id]
Γö£ ╞Æ /api/partners
Γö£ ╞Æ /api/partners/[slug]
Γö£ ╞Æ /api/payments/create-order
Γö£ ╞Æ /api/payments/verify
Γö£ ╞Æ /api/payments/webhook/razorpay
Γö£ ╞Æ /api/progress-logs
Γö£ ╞Æ /api/projects
Γö£ ╞Æ /api/projects/[id]
Γö£ ╞Æ /api/properties
Γö£ ╞Æ /api/properties/[id]
Γö£ ╞Æ /api/properties/[id]/documents
Γö£ ╞Æ /api/properties/[id]/documents/[docId]
Γö£ ╞Æ /api/properties/clients
Γö£ ╞Æ /api/proposals
Γö£ ╞Æ /api/proposals/[id]/download
Γö£ ╞Æ /api/public/partner-apply
Γö£ ╞Æ /api/public/partners
Γö£ ╞Æ /api/public/partners/[slug]
Γö£ ╞Æ /api/public/properties
Γö£ ╞Æ /api/reels/active
Γö£ ╞Æ /api/requirements
Γö£ ╞Æ /api/test
Γö£ ╞Æ /api/test/migrate
Γö£ ╞Æ /api/test/schema
Γö£ ╞Æ /api/upload
Γö£ ╞Æ /api/users
Γö£ Γùï /blog
Γö£ Γùï /boq-audit
Γö£ Γùï /boq-calculator
Γö£ ╞Æ /boq-report/[id]/print
Γö£ Γùï /build
Γö£ Γùï /build/commercial
Γö£ Γùï /build/home-construction
Γö£ Γùï /build/renovation
Γö£ Γùï /build/villa-construction
Γö£ Γùï /build/warranty
Γö£ Γùï /case-studies
Γö£ ╞Æ /case-studies/[slug]
Γö£ Γùï /change-password
Γö£ Γùï /client/dashboard
Γö£ Γùï /client/invoices
Γö£ ╞Æ /client/invoices/[id]
Γö£ ╞Æ /client/invoices/[id]/print
Γö£ Γùï /client/maintenance
Γö£ Γùï /client/notifications
Γö£ Γùï /client/passport
Γö£ Γùï /client/profile
Γö£ Γùï /client/project
Γö£ Γùï /client/projects
Γö£ ╞Æ /client/projects/[id]
Γö£ Γùï /client/requests
Γö£ ╞Æ /client/requests/[id]
Γö£ Γùï /client/settings
Γö£ Γùï /compare
Γö£ ΓùÅ /compare/[slug]
Γöé Γö£ /compare/buildogram-vs-contractor
Γöé Γö£ /compare/pmc-vs-turnkey-construction
Γöé Γö£ /compare/boq-review-vs-contractor-estimate
Γöé Γöö [+2 more paths]
Γö£ Γùï /construction-in-chennai
Γö£ Γùï /contact
Γö£ Γùï /cost-estimator
Γö£ Γùï /disclaimer
Γö£ Γùï /faqs
Γö£ ΓùÅ /faqs/[category]
Γöé Γö£ /faqs/construction
Γöé Γö£ /faqs/boq
Γöé Γö£ /faqs/plan-review
Γöé Γöö [+7 more paths]
Γö£ Γùï /forgot-password
Γö£ Γùï /glossary
Γö£ ΓùÅ /glossary/[term]
Γöé Γö£ /glossary/boq
Γöé Γö£ /glossary/pmc
Γöé Γö£ /glossary/rcc
Γöé Γöö [+23 more paths]
Γö£ Γùï /guides
Γö£ ΓùÅ /guides/[slug]
Γöé Γö£ /guides/what-is-boq-in-construction
Γöé Γö£ /guides/how-to-compare-contractor-quotes
Γöé Γö£ /guides/why-low-construction-quote-can-be-risky
Γöé Γöö [+19 more paths]
Γö£ Γùï /how-it-works
Γö£ Γùï /icon.png
Γö£ Γùï /join-as-partner
Γö£ Γùï /locations
Γö£ Γùï /locations/chennai
Γö£ ΓùÅ /locations/chennai/[area]
Γöé Γö£ /locations/chennai/velachery
Γöé Γö£ /locations/chennai/tambaram
Γöé Γö£ /locations/chennai/adyar
Γöé Γöö [+31 more paths]
Γö£ ΓùÅ /locations/chennai/[area]/[service]
Γöé Γö£ /locations/chennai/velachery/home-construction
Γöé Γö£ /locations/chennai/velachery/builders
Γöé Γö£ /locations/chennai/velachery/boq-review
Γöé Γöö [+613 more paths]
Γö£ Γùï /login
Γö£ Γùï /maintenance
Γö£ Γùï /maintenance/request
Γö£ ╞Æ /material-quote-summary/[token]
Γö£ Γùï /materials
Γö£ ΓùÅ /materials/[slug]
Γöé Γö£ /materials/cement
Γöé Γö£ /materials/steel
Γöé Γö£ /materials/sand
Γöé Γöö [+13 more paths]
Γö£ Γùï /materials/bricks
Γö£ Γùï /materials/bricks-aac-blocks
Γö£ Γùï /materials/cement
Γö£ Γùï /materials/electrical
Γö£ Γùï /materials/electrical-plumbing
Γö£ Γùï /materials/fabrication-steel
Γö£ Γùï /materials/finishing-materials
Γö£ Γùï /materials/msand-psand
Γö£ Γùï /materials/network
Γö£ Γùï /materials/piling-foundation-materials
Γö£ Γùï /materials/plumbing
Γö£ Γùï /materials/request-quote
Γö£ Γùï /materials/rmc
Γö£ Γùï /materials/sand
Γö£ Γùï /materials/steel
Γö£ Γùï /materials/tiles
Γö£ Γùï /materials/tmt-steel
Γö£ Γùï /materials/waterproofing
Γö£ Γùï /offline
Γö£ Γùï /ops/accounting
Γö£ Γùï /ops/ai-tools
Γö£ Γùï /ops/analytics
Γö£ ╞Æ /ops/audit-logs
Γö£ Γùï /ops/blog
Γö£ Γùï /ops/boq-calculator
Γö£ ╞Æ /ops/boq-calculator/[id]
Γö£ Γùï /ops/bqs
Γö£ ╞Æ /ops/bqs/inspections/[id]
Γö£ Γùï /ops/case-studies
Γö£ Γùï /ops/content-calendar
Γö£ Γùï /ops/cost-config
Γö£ Γùï /ops/dashboard
Γö£ ╞Æ /ops/exports
Γö£ ╞Æ /ops/finance
Γö£ Γùï /ops/help
Γö£ Γùï /ops/invoices
Γö£ ╞Æ /ops/invoices/[id]/print
Γö£ Γùï /ops/launch-checklist
Γö£ Γùï /ops/leads
Γö£ Γùï /ops/materials
Γö£ Γùï /ops/notification-queue
Γö£ Γùï /ops/notification-rules
Γö£ Γùï /ops/notification-settings
Γö£ Γùï /ops/partner-applications
Γö£ Γùï /ops/partners
Γö£ ╞Æ /ops/partners/[id]
Γö£ Γùï /ops/payments
Γö£ Γùï /ops/piling
Γö£ Γùï /ops/pilot-launch
Γö£ Γùï /ops/pilot-readiness
Γö£ Γùï /ops/pipeline
Γö£ ╞Æ /ops/projects
Γö£ ╞Æ /ops/projects/[id]
Γö£ Γùï /ops/proof-assets
Γö£ Γùï /ops/proof-assets/editor
Γö£ Γùï /ops/properties
Γö£ Γùï /ops/property-passports
Γö£ ╞Æ /ops/property-passports/[id]
Γö£ Γùï /ops/reels
Γö£ Γùï /ops/reports
Γö£ Γùï /ops/revenue
Γö£ Γùï /ops/settings
Γö£ Γùï /ops/structural-audit
Γö£ Γùï /ops/survey
Γö£ Γùï /ops/system-status
Γö£ Γùï /ops/users
Γö£ Γùï /ops/whatsapp-templates
Γö£ Γùï /partner-os
Γö£ Γùï /partner/ai-assistant
Γö£ Γùï /partner/ai-floor-plan-creator
Γö£ Γùï /partner/boq-studio
Γö£ Γùï /partner/budget
Γö£ Γùï /partner/client-room
Γö£ Γùï /partner/crew
Γö£ Γùï /partner/dashboard
Γö£ Γùï /partner/design
Γö£ Γùï /partner/documents
Γö£ Γùï /partner/equipment
Γö£ Γùï /partner/finance
Γö£ Γùï /partner/invoices
Γö£ Γùï /partner/issues
Γö£ Γùï /partner/leads
Γö£ Γùï /partner/maintenance
Γö£ Γùï /partner/material-quotes
Γö£ Γùï /partner/materials
Γö£ Γùï /partner/pre-construction
Γö£ Γùï /partner/procurement
Γö£ Γùï /partner/profile
Γö£ Γùï /partner/progress
Γö£ Γùï /partner/projects
Γö£ ╞Æ /partner/projects/[id]
Γö£ Γùï /partner/quality
Γö£ Γùï /partner/reports
Γö£ Γùï /partner/settings
Γö£ Γùï /partner/site-logbook
Γö£ Γùï /partner/vendors
Γö£ Γùï /partners                                                 5m      1y
Γö£ ╞Æ /partners/[slug]
Γö£ Γùï /partners/architects
Γö£ Γùï /partners/builders
Γö£ Γùï /partners/contractors
Γö£ ╞Æ /partners/directory
Γö£ Γùï /partners/elevators
Γö£ Γùï /partners/interiors
Γö£ Γùï /partners/register
Γö£ Γùï /partners/solar
Γö£ Γùï /partners/suppliers
Γö£ Γùï /partners/waterproofing
Γö£ ╞Æ /passport/[id]
Γö£ Γùï /plan-review
Γö£ ╞Æ /plan-review-report/[id]/print
Γö£ Γùï /privacy-policy
Γö£ ╞Æ /project/[token]
Γö£ Γùï /projects
Γö£ ╞Æ /proof
Γö£ ╞Æ /proof/[slug]
Γö£ Γùï /properties
Γö£ Γùï /properties/buy
Γö£ Γùï /properties/list-your-property
Γö£ ╞Æ /properties/listing/[id]
Γö£ Γùï /properties/rent
Γö£ Γùï /property-passport
Γö£ ╞Æ /property-passport/[token]
Γö£ Γùï /property/list
Γö£ Γùï /property/maintenance
Γö£ Γùï /property/records
Γö£ Γùï /quality-system
Γö£ ╞Æ /rentals
Γö£ Γùï /reset-password
Γö£ Γùï /resources
Γö£ Γùï /resources/chennai
Γö£ Γùï /resources/compare
Γö£ Γùï /resources/construction-guide
Γö£ Γùï /resources/faqs
Γö£ Γùï /resources/glossary
Γö£ Γùï /resources/guides
Γö£ Γùï /resources/home-design-guide
Γö£ Γùï /resources/material-guide
Γö£ Γùï /resources/property-buying-guide
Γö£ Γùï /review/contractor-quote
Γö£ Γùï /review/hidden-costs
Γö£ Γùï /review/specifications
Γö£ Γùï /robots.txt
Γö£ Γùï /services
Γö£ ΓùÅ /services/[slug]
Γöé Γö£ /services/house-construction
Γöé Γö£ /services/villa-construction
Γöé Γö£ /services/residential-construction
Γöé Γöö [+12 more paths]
Γö£ Γùï /sitemap.xml
Γö£ Γùï /specifications
Γö£ Γùï /supplier/dashboard
Γö£ Γùï /supplier/orders
Γö£ Γùï /supplier/products
Γö£ Γùï /supplier/quotations
Γö£ Γùï /supplier/requests
Γö£ Γùï /terms
Γöö Γùï /warranty-and-maintenance


╞Æ Proxy (Middleware)

Γùï  (Static)   prerendered as static content
ΓùÅ  (SSG)      prerendered as static HTML (uses generateStaticParams)
╞Æ  (Dynamic)  server-rendered on demand

