npx : ΓÜá `eslint` configuration in next.config.mjs is no longer supported. See more info here: 
https://nextjs.org/docs/app/api-reference/cli/next#next-lint-options
At line:3 char:1
+ npx next build 2>&1 | Tee-Object -FilePath "build_errors.txt" | Selec ...
+ ~~~~~~~~~~~~~~~~~~~
    + CategoryInfo          : NotSpecified: (ΓÜá `eslint` co...xt-lint-options:String) [], RemoteException
    + FullyQualifiedErrorId : NativeCommandError
 
ΓÜá Invalid next.config.mjs options detected: 
ΓÜá     Unrecognized key(s) in object: 'eslint'
ΓÜá See more info here: https://nextjs.org/docs/messages/invalid-next-config
Γû▓ Next.js 16.2.6 (Turbopack)
- Environments: .env.production.local, .env.local, .env

ΓÜá The "middleware" file convention is deprecated. Please use "proxy" instead. Learn more: 
https://nextjs.org/docs/messages/middleware-to-proxy
  Creating an optimized production build ...

> Build error occurred
Error: Turbopack build failed with 6 errors:
./src/app/boq-review-chennai/page.js:3:1
Module not found: Can't resolve '@/components/schema/BreadcrumbSchema'
  [90m1 |[0m [36mimport[0m { generateSEOMetadata } [36mfrom[0m [32m'@/lib/seo/metadata'[0m;
  [90m2 |[0m [36mimport[0m { generateFAQSchema, generateServiceSchema } [36mfrom[0m [32m'@/lib/seo/schema'[0m;
[31m[1m>[0m [90m3 |[0m [36mimport[0m [33mBreadcrumbSchema[0m [36mfrom[0m 
[32m'@/components/schema/BreadcrumbSchema'[0m;
  [90m  |[0m [31m[1m^^^^^^^^^^^^^^^^^^^^^^^^^^^^^^^^^^^^^^^^^^^^^^^^^^^^^^^^^^^^^^^^^^^^[0m
  [90m4 |[0m [36mimport[0m [33mEngineerCredibility[0m [36mfrom[0m 
[32m'@/components/seo/EngineerCredibility'[0m;
  [90m5 |[0m
  [90m6 |[0m [36mexport[0m [36mconst[0m metadata = generateSEOMetadata({

Import map: aliased to relative './src/components/schema/BreadcrumbSchema' inside of [project]/


https://nextjs.org/docs/messages/module-not-found


./src/app/end-to-end-construction-support-chennai/page.js:3:1
Module not found: Can't resolve '@/components/schema/BreadcrumbSchema'
  [90m1 |[0m [36mimport[0m { generateSEOMetadata } [36mfrom[0m [32m'@/lib/seo/metadata'[0m;
  [90m2 |[0m [36mimport[0m { generateFAQSchema, generateServiceSchema } [36mfrom[0m [32m'@/lib/seo/schema'[0m;
[31m[1m>[0m [90m3 |[0m [36mimport[0m [33mBreadcrumbSchema[0m [36mfrom[0m 
[32m'@/components/schema/BreadcrumbSchema'[0m;
  [90m  |[0m [31m[1m^^^^^^^^^^^^^^^^^^^^^^^^^^^^^^^^^^^^^^^^^^^^^^^^^^^^^^^^^^^^^^^^^^^^[0m
  [90m4 |[0m [36mimport[0m [33mEngineerCredibility[0m [36mfrom[0m 
[32m'@/components/seo/EngineerCredibility'[0m;
  [90m5 |[0m
  [90m6 |[0m [36mexport[0m [36mconst[0m metadata = generateSEOMetadata({

Import map: aliased to relative './src/components/schema/BreadcrumbSchema' inside of [project]/


https://nextjs.org/docs/messages/module-not-found


./src/app/industrial-shed-construction-chennai/page.js:3:1
Module not found: Can't resolve '@/components/schema/BreadcrumbSchema'
  [90m1 |[0m [36mimport[0m { generateSEOMetadata } [36mfrom[0m [32m'@/lib/seo/metadata'[0m;
  [90m2 |[0m [36mimport[0m { generateFAQSchema, generateServiceSchema } [36mfrom[0m [32m'@/lib/seo/schema'[0m;
[31m[1m>[0m [90m3 |[0m [36mimport[0m [33mBreadcrumbSchema[0m [36mfrom[0m 
[32m'@/components/schema/BreadcrumbSchema'[0m;
  [90m  |[0m [31m[1m^^^^^^^^^^^^^^^^^^^^^^^^^^^^^^^^^^^^^^^^^^^^^^^^^^^^^^^^^^^^^^^^^^^^[0m
  [90m4 |[0m
  [90m5 |[0m [36mexport[0m [36mconst[0m metadata = generateSEOMetadata({
  [90m6 |[0m   title: [32m'Industrial Shed Construction in Chennai | Factory Shed Builders | Buildogram'[0m,

Import map: aliased to relative './src/components/schema/BreadcrumbSchema' inside of [project]/


https://nextjs.org/docs/messages/module-not-found


./src/app/peb-building-contractors-chennai/page.js:3:1
Module not found: Can't resolve '@/components/schema/BreadcrumbSchema'
  [90m1 |[0m [36mimport[0m { generateSEOMetadata } [36mfrom[0m [32m'@/lib/seo/metadata'[0m;
  [90m2 |[0m [36mimport[0m { generateFAQSchema, generateServiceSchema } [36mfrom[0m [32m'@/lib/seo/schema'[0m;
[31m[1m>[0m [90m3 |[0m [36mimport[0m [33mBreadcrumbSchema[0m [36mfrom[0m 
[32m'@/components/schema/BreadcrumbSchema'[0m;
  [90m  |[0m [31m[1m^^^^^^^^^^^^^^^^^^^^^^^^^^^^^^^^^^^^^^^^^^^^^^^^^^^^^^^^^^^^^^^^^^^^[0m
  [90m4 |[0m
  [90m5 |[0m [36mexport[0m [36mconst[0m metadata = generateSEOMetadata({
  [90m6 |[0m   title: [32m'PEB Building Contractors in Chennai | Pre-Engineered Buildings | Buildogram'[0m,

Import map: aliased to relative './src/components/schema/BreadcrumbSchema' inside of [project]/


https://nextjs.org/docs/messages/module-not-found


./src/app/steel-construction-chennai/page.js:3:1
Module not found: Can't resolve '@/components/schema/BreadcrumbSchema'
  [90m1 |[0m [36mimport[0m { generateSEOMetadata } [36mfrom[0m [32m'@/lib/seo/metadata'[0m;
  [90m2 |[0m [36mimport[0m { generateFAQSchema, generateServiceSchema } [36mfrom[0m [32m'@/lib/seo/schema'[0m;
[31m[1m>[0m [90m3 |[0m [36mimport[0m [33mBreadcrumbSchema[0m [36mfrom[0m 
[32m'@/components/schema/BreadcrumbSchema'[0m;
  [90m  |[0m [31m[1m^^^^^^^^^^^^^^^^^^^^^^^^^^^^^^^^^^^^^^^^^^^^^^^^^^^^^^^^^^^^^^^^^^^^[0m
  [90m4 |[0m
  [90m5 |[0m [36mexport[0m [36mconst[0m metadata = generateSEOMetadata({
  [90m6 |[0m   title: [32m'Steel Structure Construction in Chennai | Structural Steel Buildings | Buildogram'[0m,

Import map: aliased to relative './src/components/schema/BreadcrumbSchema' inside of [project]/


https://nextjs.org/docs/messages/module-not-found


./src/app/structural-plan-review-chennai/page.js:3:1
Module not found: Can't resolve '@/components/schema/BreadcrumbSchema'
  [90m1 |[0m [36mimport[0m { generateSEOMetadata } [36mfrom[0m [32m'@/lib/seo/metadata'[0m;
  [90m2 |[0m [36mimport[0m { generateFAQSchema, generateServiceSchema } [36mfrom[0m [32m'@/lib/seo/schema'[0m;
[31m[1m>[0m [90m3 |[0m [36mimport[0m [33mBreadcrumbSchema[0m [36mfrom[0m 
[32m'@/components/schema/BreadcrumbSchema'[0m;
  [90m  |[0m [31m[1m^^^^^^^^^^^^^^^^^^^^^^^^^^^^^^^^^^^^^^^^^^^^^^^^^^^^^^^^^^^^^^^^^^^^[0m
  [90m4 |[0m [36mimport[0m [33mEngineerCredibility[0m [36mfrom[0m 
[32m'@/components/seo/EngineerCredibility'[0m;
  [90m5 |[0m
  [90m6 |[0m [36mexport[0m [36mconst[0m metadata = generateSEOMetadata({

Import map: aliased to relative './src/components/schema/BreadcrumbSchema' inside of [project]/


https://nextjs.org/docs/messages/module-not-found


    at <unknown> (./src/app/boq-review-chennai/page.js:3:1)
    at <unknown> (https://nextjs.org/docs/messages/module-not-found)
    at <unknown> (./src/app/end-to-end-construction-support-chennai/page.js:3:1)
    at <unknown> (https://nextjs.org/docs/messages/module-not-found)
    at <unknown> (./src/app/industrial-shed-construction-chennai/page.js:3:1)
    at <unknown> (https://nextjs.org/docs/messages/module-not-found)
    at <unknown> (./src/app/peb-building-contractors-chennai/page.js:3:1)
    at <unknown> (https://nextjs.org/docs/messages/module-not-found)
    at <unknown> (./src/app/steel-construction-chennai/page.js:3:1)
    at <unknown> (https://nextjs.org/docs/messages/module-not-found)
    at <unknown> (./src/app/structural-plan-review-chennai/page.js:3:1)
    at <unknown> (https://nextjs.org/docs/messages/module-not-found)
